✔ context admission rejects partial, malformed, oversized and upgraded reviews (5.419309ms)
✔ agent context retains tasks, declared review, warnings and related changes without raw details (0.992492ms)
✔ Portal projection preserves string endpoints and reviewed task memory with privacy whitelist (1.459675ms)
✔ continuity query adds stable identity while ordinary semantic query is unchanged (1.878014ms)
✔ absent or unusable Core degrades to no advisory context (2.058265ms)
✖ assertion and review references remain complete beside claims within every budget (5.515053ms)
✖ source admission rejects malformed or mismatched references without upgrading authority (0.472661ms)
ℹ tests 7
ℹ suites 0
ℹ pass 5
ℹ fail 2
ℹ cancelled 0
ℹ skipped 0
ℹ todo 0
ℹ duration_ms 110.114426

✖ failing tests:

test at test/continuity.test.mjs:81:1
✖ assertion and review references remain complete beside claims within every budget (5.515053ms)
  AssertionError [ERR_ASSERTION]: The expression evaluated to a falsy value:
  
    assert.ok(full.includes(`event head ${context.state.eventHead}`))
  
      at TestContext.<anonymous> (file:///workspace/scratch/6732e14eb939/idle_citations/test/continuity.test.mjs:84:10)
      at Test.runInAsyncScope (node:async_hooks:227:14)
      at Test.run (node:internal/test_runner/test:1382:25)
      at Test.processPendingSubtests (node:internal/test_runner/test:960:18)
      at Test.postRun (node:internal/test_runner/test:1522:19)
      at Test.run (node:internal/test_runner/test:1447:12)
      at async Test.processPendingSubtests (node:internal/test_runner/test:960:7) {
    generatedMessage: true,
    code: 'ERR_ASSERTION',
    actual: false,
    expected: true,
    operator: '==',
    diff: 'simple'
  }

test at test/continuity.test.mjs:100:1
✖ source admission rejects malformed or mismatched references without upgrading authority (0.472661ms)
  AssertionError [ERR_ASSERTION]: c=>c.tasks[0].source=null
  
  true !== false
  
      at TestContext.<anonymous> (file:///workspace/scratch/6732e14eb939/idle_citations/test/continuity.test.mjs:107:12)
      at Test.runInAsyncScope (node:async_hooks:227:14)
      at Test.run (node:internal/test_runner/test:1382:25)
      at Test.processPendingSubtests (node:internal/test_runner/test:960:18)
      at Test.postRun (node:internal/test_runner/test:1522:19)
      at Test.run (node:internal/test_runner/test:1447:12)
      at async Test.processPendingSubtests (node:internal/test_runner/test:960:7) {
    generatedMessage: false,
    code: 'ERR_ASSERTION',
    actual: true,
    expected: false,
    operator: 'strictEqual',
    diff: 'simple'
  }
