✔ hook lifecycle records stable task identity, exposure, footprint, trust findings, and a diff-bound receipt (113.775283ms)
✖ upgraded legacy sessions retain their loading header without unbounded identity output (43.694178ms)
ℹ tests 2
ℹ suites 0
ℹ pass 1
ℹ fail 1
ℹ cancelled 0
ℹ skipped 0
ℹ todo 0
ℹ duration_ms 255.368936

✖ failing tests:

test at test/hook.test.mjs:60:1
✖ upgraded legacy sessions retain their loading header without unbounded identity output (43.694178ms)
  AssertionError [ERR_ASSERTION]: retained legacy sessions need a loading block
      at TestContext.<anonymous> (file:///workspace/scratch/6732e14eb939/idle_citations/test/hook.test.mjs:69:16)
      at Test.runInAsyncScope (node:async_hooks:227:14)
      at Test.run (node:internal/test_runner/test:1382:25)
      at Test.processPendingSubtests (node:internal/test_runner/test:960:18)
      at Test.postRun (node:internal/test_runner/test:1522:19)
      at Test.run (node:internal/test_runner/test:1447:12)
      at async startSubtestAfterBootstrap (node:internal/test_runner/harness:387:3) {
    generatedMessage: false,
    code: 'ERR_ASSERTION',
    actual: undefined,
    expected: true,
    operator: '==',
    diff: 'simple'
  }
