✔ context admission rejects partial, malformed, oversized and upgraded reviews (4.694011ms)
✔ agent context retains tasks, declared review, warnings and related changes without raw details (1.058633ms)
✔ Portal projection preserves string endpoints and reviewed task memory with privacy whitelist (1.465995ms)
✔ continuity query adds stable identity while ordinary semantic query is unchanged (1.864895ms)
✔ absent or unusable Core degrades to no advisory context (2.112167ms)
✔ assertion and review references remain complete beside claims within every budget (4.972881ms)
✖ source admission rejects malformed or mismatched references without upgrading authority (1.367226ms)
ℹ tests 7
ℹ suites 0
ℹ pass 6
ℹ fail 1
ℹ cancelled 0
ℹ skipped 0
ℹ todo 0
ℹ duration_ms 103.799861

✖ failing tests:

test at test/continuity.test.mjs:102:1
✖ source admission rejects malformed or mismatched references without upgrading authority (1.367226ms)
  AssertionError [ERR_ASSERTION]: c=>{c.tasks[0].lifecycle=structuredClone(c.decisions[0].lifecycle);c.tasks[0].lifecycle.assertionEventId=c.tasks[0].source.eventId;}
  
  true !== false
  
      at TestContext.<anonymous> (file:///workspace/scratch/6732e14eb939/idle_citations/test/continuity.test.mjs:111:12)
      at Test.runInAsyncScope (node:async_hooks:227:14)
      at Test.run (node:internal/test_runner/test:1382:25)
      at Test.processPendingSubtests (node:internal/test_runner/test:960:18)
      at Test.postRun (node:internal/test_runner/test:1522:19)
      at Test.run (node:internal/test_runner/test:1447:12)
      at async Test.processPendingSubtests (node:internal/test_runner/test:960:7) {
    generatedMessage: false,
    code: 'ERR_ASSERTION',
    actual: true,
    expected: false,
    operator: 'strictEqual',
    diff: 'simple'
  }
