✖ CODEOWNERS does not assign a nested directory owner to a literal backslash name (3.747462ms)
✖ a local approval for one POSIX path cannot approve the other path (6.277605ms)
ℹ tests 2
ℹ suites 0
ℹ pass 0
ℹ fail 2
ℹ cancelled 0
ℹ skipped 0
ℹ todo 0
ℹ duration_ms 103.980924

✖ failing tests:

test at test/native-path-identity.test.mjs:92:1
✖ CODEOWNERS does not assign a nested directory owner to a literal backslash name (3.747462ms)
  AssertionError [ERR_ASSERTION]: Expected values to be strictly deep-equal:
  + actual - expected
  
    [
  +   '@nested'
  -   '@default'
    ]
  
      at TestContext.<anonymous> (file:///workspace/scratch/e341555d0f23/idle-path-fix/test/native-path-identity.test.mjs:97:10)
      at Test.runInAsyncScope (node:async_hooks:227:14)
      at Test.run (node:internal/test_runner/test:1382:25)
      at Test.start (node:internal/test_runner/test:1242:17)
      at startSubtestAfterBootstrap (node:internal/test_runner/harness:387:17) {
    generatedMessage: true,
    code: 'ERR_ASSERTION',
    actual: [ '@nested' ],
    expected: [ '@default' ],
    operator: 'deepStrictEqual',
    diff: 'simple'
  }

test at test/native-path-identity.test.mjs:100:1
✖ a local approval for one POSIX path cannot approve the other path (6.277605ms)
  AssertionError [ERR_ASSERTION]: Expected values to be strictly equal:
  
  'allow' !== 'ask'
  
      at TestContext.<anonymous> (file:///workspace/scratch/e341555d0f23/idle-path-fix/test/native-path-identity.test.mjs:112:10)
      at Test.runInAsyncScope (node:async_hooks:227:14)
      at Test.run (node:internal/test_runner/test:1382:25)
      at Test.processPendingSubtests (node:internal/test_runner/test:960:18)
      at Test.postRun (node:internal/test_runner/test:1522:19)
      at Test.run (node:internal/test_runner/test:1447:12)
      at async startSubtestAfterBootstrap (node:internal/test_runner/harness:387:3) {
    generatedMessage: true,
    code: 'ERR_ASSERTION',
    actual: 'allow',
    expected: 'ask',
    operator: 'strictEqual',
    diff: 'simple'
  }
