✔ context admission rejects partial, malformed, oversized and upgraded reviews (4.911938ms)
✔ agent context retains tasks, declared review, warnings and related changes without raw details (1.186422ms)
✔ Portal projection preserves string endpoints and reviewed task memory with privacy whitelist (2.107062ms)
✔ continuity query adds stable identity while ordinary semantic query is unchanged (1.698796ms)
✔ Portal keeps full assertion citations and distinct long identities without authority changes (0.670933ms)
✔ Portal omits secret-bearing identities instead of creating redacted aliases (0.339573ms)
✔ dense admitted context stays synchronizable by budgeting whole cited rows (49.349376ms)
✔ exact identities omit credentials behind word-like delimiters past old display limit (0.95357ms)
✔ absent or unusable Core degrades to no advisory context (2.606477ms)
✔ assertion and review references remain complete beside claims within every budget (3.991288ms)
✔ full entity identities reject every C1 control even after the old display boundary (1.736673ms)
✔ known stack credentials cannot hide in exact identities or display labels (1.208825ms)
✔ source admission rejects malformed or mismatched references without upgrading authority (0.777695ms)
ℹ tests 13
ℹ suites 0
ℹ pass 13
ℹ fail 0
ℹ cancelled 0
ℹ skipped 0
ℹ todo 0
ℹ duration_ms 166.601413
