node:internal/modules/run_main:107
    triggerUncaughtException(
    ^

AssertionError [ERR_ASSERTION]: plain.ts: local/platform imports are not third-party dependencies
+ actual - expected

+ [
+   './local.js',
+   'node:fs',
+   'path',
+   '#internal'
+ ]
- []

    at file:///workspace/scratch/e9f3b6772074/work/idle_languages/scripts/structure-dependencies-smoke.mjs:24:12
    at ModuleJob.run (node:internal/modules/esm/module_job:439:25)
    at async node:internal/modules/esm/loader:643:26
    at async asyncRunEntryPointWithESMLoader (node:internal/modules/run_main:101:5) {
  generatedMessage: false,
  code: 'ERR_ASSERTION',
  actual: [ './local.js', 'node:fs', 'path', '#internal' ],
  expected: [],
  operator: 'deepStrictEqual',
  diff: 'simple'
}

Node.js v24.19.0
