✖ a changed canonical symbol projection changes the model fingerprint on identical bytes (5.152443ms)
ℹ tests 1
ℹ suites 0
ℹ pass 0
ℹ fail 1
ℹ cancelled 0
ℹ skipped 0
ℹ todo 0
ℹ duration_ms 81.995569

✖ failing tests:

test at test/feature-canonical.test.mjs:89:1
✖ a changed canonical symbol projection changes the model fingerprint on identical bytes (5.152443ms)
  AssertionError [ERR_ASSERTION]: Expected "actual" to be strictly unequal to:

  '0d58b8b8a4a67c5ca26de473'
      at TestContext.<anonymous> (file:///workspace/scratch/e9f3b6772074/work/idle_feature_graph/test/feature-canonical.test.mjs:95:9)
      at Test.runInAsyncScope (node:async_hooks:227:14)
      at Test.run (node:internal/test_runner/test:1382:25)
      at Test.start (node:internal/test_runner/test:1242:17)
      at startSubtestAfterBootstrap (node:internal/test_runner/harness:387:17) {
    generatedMessage: true,
    code: 'ERR_ASSERTION',
    actual: '0d58b8b8a4a67c5ca26de473',
    expected: '0d58b8b8a4a67c5ca26de473',
    operator: 'notStrictEqual',
    diff: 'simple'
  }
