{"file":"service.ts","symbol":"invented","route":null,"table":null,"technologies":[],"dependencies":[],"symbols":["invented","actual"],"symbolCount":2,"structureCoverage":{"provider":"legacy-heuristic","sourceSha256":"a4083938aec6da67ac43e7d1ac8f365cd2127fe294775f1ee5e769ce5ad70bd7","parsed":null,"canonical":false,"reason":"language-adapter-pending"},"fileRole":{"role":"service","confidence":"medium","evidence":"application-service path"},"relatedFiles":[{"file":"service.ts","symbol":"invented","route":null,"table":null,"technologies":[],"dependencies":[],"symbols":["invented","actual"],"symbolCount":2,"structureCoverage":{"provider":"legacy-heuristic","sourceSha256":"a4083938aec6da67ac43e7d1ac8f365cd2127fe294775f1ee5e769ce5ad70bd7","parsed":null,"canonical":false,"reason":"language-adapter-pending"},"fileRole":{"role":"service","confidence":"medium","evidence":"application-service path"}}]}
node:internal/modules/run_main:107
    triggerUncaughtException(
    ^

AssertionError [ERR_ASSERTION]: Expected values to be strictly equal:
+ actual - expected

+ 'invented'
- 'actual'

    at file:///workspace/scratch/e9f3b6772074/work/idle_languages/[eval1]:6:44
    at ModuleJob.run (node:internal/modules/esm/module_job:439:25)
    at process.processTicksAndRejections (node:internal/process/task_queues:104:5)
    at async node:internal/modules/esm/loader:224:26
    at async ModuleLoader.executeModuleJob (node:internal/modules/esm/loader:221:20)
    at async asyncRunEntryPointWithESMLoader (node:internal/modules/run_main:101:5) {
  generatedMessage: true,
  code: 'ERR_ASSERTION',
  actual: 'invented',
  expected: 'actual',
  operator: 'strictEqual',
  diff: 'simple'
}

Node.js v24.19.0
