✖ details are explicitly requested and strictly admitted without changing v1 defaults (18.227369ms)
✖ v2 rejects forged source detail, authority, schema and widened time budgets (0.485803ms)
ℹ tests 2
ℹ suites 0
ℹ pass 0
ℹ fail 2
ℹ cancelled 0
ℹ skipped 0
ℹ todo 0
ℹ duration_ms 98.514472

✖ failing tests:

test at work/idle_feature_graph/test/structure-details.test.mjs:11:1
✖ details are explicitly requested and strictly admitted without changing v1 defaults (18.227369ms)
  AssertionError [ERR_ASSERTION]: Expected values to be strictly equal:

  false !== true

      at TestContext.<anonymous> (file:///workspace/scratch/e9f3b6772074/work/idle_feature_graph/test/structure-details.test.mjs:12:9)
      at Test.runInAsyncScope (node:async_hooks:227:14)
      at Test.run (node:internal/test_runner/test:1382:25)
      at Test.start (node:internal/test_runner/test:1242:17)
      at startSubtestAfterBootstrap (node:internal/test_runner/harness:387:17) {
    generatedMessage: true,
    code: 'ERR_ASSERTION',
    actual: false,
    expected: true,
    operator: 'strictEqual',
    diff: 'simple'
  }

test at work/idle_feature_graph/test/structure-details.test.mjs:20:1
✖ v2 rejects forged source detail, authority, schema and widened time budgets (0.485803ms)
  AssertionError [ERR_ASSERTION]: Expected values to be strictly equal:

  false !== true

      at TestContext.<anonymous> (file:///workspace/scratch/e9f3b6772074/work/idle_feature_graph/test/structure-details.test.mjs:27:9)
      at Test.runInAsyncScope (node:async_hooks:227:14)
      at Test.run (node:internal/test_runner/test:1382:25)
      at Test.processPendingSubtests (node:internal/test_runner/test:960:18)
      at Test.postRun (node:internal/test_runner/test:1522:19)
      at Test.run (node:internal/test_runner/test:1447:12)
      at async startSubtestAfterBootstrap (node:internal/test_runner/harness:387:3) {
    generatedMessage: true,
    code: 'ERR_ASSERTION',
    actual: false,
    expected: true,
    operator: 'strictEqual',
    diff: 'simple'
  }
