✖ canonical feature imports ignore comment/string decoys and cite the exact bytes (19.237384ms)
✖ configuration values never create feature facts, including unavailable or rejected Core (2.57875ms)
✖ Python package references preserve members without inventing member-module edges or resolving ambiguity (3.786643ms)
✖ canonical unparsed/rejected source cannot resurrect legacy import guesses (1.368715ms)
✖ fresh feature models see same-size timestamp-preserved edits and cannot share caller mutation (1.262755ms)
✖ canonical breadth and depth remain bounded and source exclusions still apply (2.801376ms)
ℹ tests 6
ℹ suites 0
ℹ pass 0
ℹ fail 6
ℹ cancelled 0
ℹ skipped 0
ℹ todo 0
ℹ duration_ms 110.497985

✖ failing tests:

test at test/feature-canonical.test.mjs:30:1
✖ canonical feature imports ignore comment/string decoys and cite the exact bytes (19.237384ms)
  AssertionError [ERR_ASSERTION]: The expression evaluated to a falsy value:

    assert.ok(!model.nodes.some(n=>n.label==='invented.js'))

      at TestContext.<anonymous> (file:///workspace/scratch/e9f3b6772074/work/idle_feature_graph/test/feature-canonical.test.mjs:34:63)
      at Test.runInAsyncScope (node:async_hooks:227:14)
      at Test.run (node:internal/test_runner/test:1382:25)
      at Test.start (node:internal/test_runner/test:1242:17)
      at startSubtestAfterBootstrap (node:internal/test_runner/harness:387:17) {
    generatedMessage: true,
    code: 'ERR_ASSERTION',
    actual: false,
    expected: true,
    operator: '==',
    diff: 'simple'
  }

test at test/feature-canonical.test.mjs:40:1
✖ configuration values never create feature facts, including unavailable or rejected Core (2.57875ms)
  AssertionError [ERR_ASSERTION]: Expected values to be strictly deep-equal:
  + actual - expected

    {
      routes: [],
  +   tables: [
  +     'invented'
  +   ],
  +   technologies: [
  +     'Stripe'
  +   ]
  -   tables: [],
  -   technologies: []
    }

      at TestContext.<anonymous> (file:///workspace/scratch/e9f3b6772074/work/idle_feature_graph/test/feature-canonical.test.mjs:44:10)
      at Test.runInAsyncScope (node:async_hooks:227:14)
      at Test.run (node:internal/test_runner/test:1382:25)
      at Test.processPendingSubtests (node:internal/test_runner/test:960:18)
      at Test.postRun (node:internal/test_runner/test:1522:19)
      at Test.run (node:internal/test_runner/test:1447:12)
      at async startSubtestAfterBootstrap (node:internal/test_runner/harness:387:3) {
    generatedMessage: true,
    code: 'ERR_ASSERTION',
    actual: { routes: [], tables: [ 'invented' ], technologies: [ 'Stripe' ] },
    expected: { routes: [], tables: [], technologies: [] },
    operator: 'deepStrictEqual',
    diff: 'simple'
  }

test at test/feature-canonical.test.mjs:50:1
✖ Python package references preserve members without inventing member-module edges or resolving ambiguity (3.786643ms)
  AssertionError [ERR_ASSERTION]: The expression evaluated to a falsy value:

    assert.ok(!model.nodes.some(n=>n.label==='pkg/child/run.py'))

      at TestContext.<anonymous> (file:///workspace/scratch/e9f3b6772074/work/idle_feature_graph/test/feature-canonical.test.mjs:55:66)
      at Test.runInAsyncScope (node:async_hooks:227:14)
      at Test.run (node:internal/test_runner/test:1382:25)
      at Test.processPendingSubtests (node:internal/test_runner/test:960:18)
      at Test.postRun (node:internal/test_runner/test:1522:19)
      at Test.run (node:internal/test_runner/test:1447:12)
      at async Test.processPendingSubtests (node:internal/test_runner/test:960:7) {
    generatedMessage: true,
    code: 'ERR_ASSERTION',
    actual: false,
    expected: true,
    operator: '==',
    diff: 'simple'
  }

test at test/feature-canonical.test.mjs:62:1
✖ canonical unparsed/rejected source cannot resurrect legacy import guesses (1.368715ms)
  AssertionError [ERR_ASSERTION]: Expected values to be strictly equal:

  1 !== 0

      at TestContext.<anonymous> (file:///workspace/scratch/e9f3b6772074/work/idle_feature_graph/test/feature-canonical.test.mjs:66:10)
      at Test.runInAsyncScope (node:async_hooks:227:14)
      at Test.run (node:internal/test_runner/test:1382:25)
      at Test.processPendingSubtests (node:internal/test_runner/test:960:18)
      at Test.postRun (node:internal/test_runner/test:1522:19)
      at Test.run (node:internal/test_runner/test:1447:12)
      at async Test.processPendingSubtests (node:internal/test_runner/test:960:7) {
    generatedMessage: true,
    code: 'ERR_ASSERTION',
    actual: 1,
    expected: 0,
    operator: 'strictEqual',
    diff: 'simple'
  }

test at test/feature-canonical.test.mjs:70:1
✖ fresh feature models see same-size timestamp-preserved edits and cannot share caller mutation (1.262755ms)
  AssertionError [ERR_ASSERTION]: The expression evaluated to a falsy value:

    assert.ok(!JSON.stringify(detached).includes('caller'))

      at TestContext.<anonymous> (file:///workspace/scratch/e9f3b6772074/work/idle_feature_graph/test/feature-canonical.test.mjs:74:56)
      at Test.runInAsyncScope (node:async_hooks:227:14)
      at Test.run (node:internal/test_runner/test:1382:25)
      at Test.processPendingSubtests (node:internal/test_runner/test:960:18)
      at Test.postRun (node:internal/test_runner/test:1522:19)
      at Test.run (node:internal/test_runner/test:1447:12)
      at async Test.processPendingSubtests (node:internal/test_runner/test:960:7) {
    generatedMessage: true,
    code: 'ERR_ASSERTION',
    actual: false,
    expected: true,
    operator: '==',
    diff: 'simple'
  }

test at test/feature-canonical.test.mjs:79:1
✖ canonical breadth and depth remain bounded and source exclusions still apply (2.801376ms)
  AssertionError [ERR_ASSERTION]: Expected values to be strictly equal:

  0 !== 3

      at TestContext.<anonymous> (file:///workspace/scratch/e9f3b6772074/work/idle_feature_graph/test/feature-canonical.test.mjs:85:9)
      at Test.runInAsyncScope (node:async_hooks:227:14)
      at Test.run (node:internal/test_runner/test:1382:25)
      at Test.processPendingSubtests (node:internal/test_runner/test:960:18)
      at Test.postRun (node:internal/test_runner/test:1522:19)
      at Test.run (node:internal/test_runner/test:1447:12)
      at async Test.processPendingSubtests (node:internal/test_runner/test:960:7) {
    generatedMessage: true,
    code: 'ERR_ASSERTION',
    actual: 0,
    expected: 3,
    operator: 'strictEqual',
    diff: 'simple'
  }
