✔ context admission rejects partial, malformed, oversized and upgraded reviews (5.320725ms)
✔ agent context retains tasks, declared review, warnings and related changes without raw details (0.920841ms)
✔ Portal projection preserves string endpoints and reviewed task memory with privacy whitelist (1.601258ms)
✔ continuity query adds stable identity while ordinary semantic query is unchanged (1.941222ms)
✔ Portal keeps full assertion citations and distinct long identities without authority changes (0.933259ms)
✔ Portal omits secret-bearing identities instead of creating redacted aliases (0.313433ms)
✖ dense admitted context stays synchronizable by budgeting whole cited rows (9.31094ms)
✔ absent or unusable Core degrades to no advisory context (2.079601ms)
✔ assertion and review references remain complete beside claims within every budget (4.056987ms)
✔ full entity identities reject every C1 control even after the old display boundary (1.340073ms)
✔ source admission rejects malformed or mismatched references without upgrading authority (1.076796ms)
ℹ tests 11
ℹ suites 0
ℹ pass 10
ℹ fail 1
ℹ cancelled 0
ℹ skipped 0
ℹ todo 0
ℹ duration_ms 115.546069

✖ failing tests:

test at test/continuity.test.mjs:103:1
✖ dense admitted context stays synchronizable by budgeting whole cited rows (9.31094ms)
  Error: Portal snapshot exceeds 65536 byte safety budget.
      at assertPortalSnapshotSafe (file:///workspace/scratch/fa8b5862d36a/work/idle/src/portal-snapshot.mjs:326:39)
      at TestContext.<anonymous> (file:///workspace/scratch/fa8b5862d36a/work/idle/test/continuity.test.mjs:118:3)
      at Test.runInAsyncScope (node:async_hooks:227:14)
      at Test.run (node:internal/test_runner/test:1382:25)
      at Test.processPendingSubtests (node:internal/test_runner/test:960:18)
      at Test.postRun (node:internal/test_runner/test:1522:19)
      at Test.run (node:internal/test_runner/test:1447:12)
      at async Test.processPendingSubtests (node:internal/test_runner/test:960:7)
