✖ known stack credentials cannot hide in exact identities or display labels (11.020211ms)
ℹ tests 1
ℹ suites 0
ℹ pass 0
ℹ fail 1
ℹ cancelled 0
ℹ skipped 0
ℹ todo 0
ℹ duration_ms 100.777668

✖ failing tests:

test at test/continuity.test.mjs:192:1
✖ known stack credentials cannot hide in exact identities or display labels (11.020211ms)
  AssertionError [ERR_ASSERTION]: Expected values to be strictly deep-equal:
  + actual - expected
  
  + [
  +   'gitlab-session-encoded label',
  +   'gitlab-session-base64 label'
  + ]
  - []
  
      at TestContext.<anonymous> (file:///workspace/scratch/fa8b5862d36a/work/idle/test/continuity.test.mjs:208:10)
      at Test.runInAsyncScope (node:async_hooks:227:14)
      at Test.run (node:internal/test_runner/test:1382:25)
      at Test.start (node:internal/test_runner/test:1242:17)
      at startSubtestAfterBootstrap (node:internal/test_runner/harness:387:17) {
    generatedMessage: true,
    code: 'ERR_ASSERTION',
    actual: [ 'gitlab-session-encoded label', 'gitlab-session-base64 label' ],
    expected: [],
    operator: 'deepStrictEqual',
    diff: 'simple'
  }
