{"symbol":"invented","table":"fake","route":"/api/private-value","technologies":["Stripe"],"coverage":{"provider":"legacy-heuristic","sourceSha256":"4538e50f31b865bf86b29a60bf77cf35c538de10acc6ac7df11b7c86f7fc8a08","parsed":null,"canonical":false,"reason":"language-adapter-pending"}}
node:internal/modules/run_main:107
    triggerUncaughtException(
    ^

AssertionError [ERR_ASSERTION]: Expected values to be strictly equal:

false !== true

    at file:///workspace/scratch/e9f3b6772074/[eval1]:11:9
    at ModuleJob.run (node:internal/modules/esm/module_job:439:25)
    at process.processTicksAndRejections (node:internal/process/task_queues:104:5)
    at async node:internal/modules/esm/loader:224:26
    at async ModuleLoader.executeModuleJob (node:internal/modules/esm/loader:221:20)
    at async asyncRunEntryPointWithESMLoader (node:internal/modules/run_main:101:5) {
  generatedMessage: true,
  code: 'ERR_ASSERTION',
  actual: false,
  expected: true,
  operator: 'strictEqual',
  diff: 'simple'
}

Node.js v24.19.0
