✔ context admission rejects partial, malformed, oversized and upgraded reviews (5.246042ms)
✔ agent context retains tasks, declared review, warnings and related changes without raw details (1.004127ms)
✔ Portal projection preserves string endpoints and reviewed task memory with privacy whitelist (1.748902ms)
✔ continuity query adds stable identity while ordinary semantic query is unchanged (2.023456ms)
✔ Portal keeps full assertion citations and distinct long identities without authority changes (0.638144ms)
✔ Portal omits secret-bearing identities instead of creating redacted aliases (0.335807ms)
✔ dense admitted context stays synchronizable by budgeting whole cited rows (45.318608ms)
✔ exact identities omit credentials behind word-like delimiters past old display limit (1.653257ms)
✔ absent or unusable Core degrades to no advisory context (2.292932ms)
✔ assertion and review references remain complete beside claims within every budget (4.878928ms)
✔ full entity identities reject every C1 control even after the old display boundary (1.850455ms)
✖ known stack credentials cannot hide in exact identities or display labels (2.475348ms)
✔ source admission rejects malformed or mismatched references without upgrading authority (1.758656ms)
ℹ tests 13
ℹ suites 0
ℹ pass 12
ℹ fail 1
ℹ cancelled 0
ℹ skipped 0
ℹ todo 0
ℹ duration_ms 166.641427

✖ failing tests:

test at test/continuity.test.mjs:192:1
✖ known stack credentials cannot hide in exact identities or display labels (2.475348ms)
  AssertionError [ERR_ASSERTION]: Expected values to be strictly deep-equal:
  + actual - expected
  
  + [
  +   'github-fine identity',
  +   'github-fine label',
  +   'github-installation identity',
  +   'github-installation label',
  +   'supabase-secret identity',
  +   'supabase-secret label',
  +   'stripe-live identity',
  +   'stripe-live label',
  +   'stripe-restricted identity',
  +   'stripe-restricted label',
  +   'aws-temporary identity',
  +   'aws-temporary label',
  +   'npm identity',
  +   'npm label',
  +   'pypi identity',
  +   'pypi label',
  +   'jwt identity',
  +   'jwt label'
  + ]
  - []
  
      at TestContext.<anonymous> (file:///workspace/scratch/fa8b5862d36a/work/idle/test/continuity.test.mjs:208:10)
      at Test.runInAsyncScope (node:async_hooks:227:14)
      at Test.run (node:internal/test_runner/test:1382:25)
      at Test.processPendingSubtests (node:internal/test_runner/test:960:18)
      at Test.postRun (node:internal/test_runner/test:1522:19)
      at Test.run (node:internal/test_runner/test:1447:12)
      at async Test.processPendingSubtests (node:internal/test_runner/test:960:7) {
    generatedMessage: true,
    code: 'ERR_ASSERTION',
    actual: [ 'github-fine identity', 'github-fine label', 'github-installation identity', 'github-installation label', 'supabase-secret identity', 'supabase-secret label', 'stripe-live identity', 'stripe-live label', 'stripe-restricted identity', 'stripe-restricted label', 'aws-temporary identity', 'aws-temporary label', 'npm identity', 'npm label', 'pypi identity', 'pypi label', 'jwt identity', 'jwt label' ],
    expected: [],
    operator: 'deepStrictEqual',
    diff: 'simple'
  }
