✔ context admission rejects partial, malformed, oversized and upgraded reviews (5.699046ms)
✔ agent context retains tasks, declared review, warnings and related changes without raw details (0.951938ms)
✔ Portal projection preserves string endpoints and reviewed task memory with privacy whitelist (2.300454ms)
✔ continuity query adds stable identity while ordinary semantic query is unchanged (1.8473ms)
✔ Portal keeps full assertion citations and distinct long identities without authority changes (1.240774ms)
✔ Portal omits secret-bearing identities instead of creating redacted aliases (0.323769ms)
✔ dense admitted context stays synchronizable by budgeting whole cited rows (52.142828ms)
✔ exact identities omit credentials behind word-like delimiters past old display limit (1.298771ms)
✔ absent or unusable Core degrades to no advisory context (2.483691ms)
✔ assertion and review references remain complete beside claims within every budget (4.498353ms)
✔ full entity identities reject every C1 control even after the old display boundary (1.458212ms)
✔ known stack credentials cannot hide in exact identities or display labels (2.064908ms)
✔ source admission rejects malformed or mismatched references without upgrading authority (1.259702ms)
ℹ tests 13
ℹ suites 0
ℹ pass 13
ℹ fail 0
ℹ cancelled 0
ℹ skipped 0
ℹ todo 0
ℹ duration_ms 174.170811
