✖ shared consumer admits mixed canonical languages in one bounded batch (1.901869ms)
✔ mixed batch cannot change language, provider, module, path, hash or authority (1.162905ms)
✖ optional unparsed syntax remains empty; unsupported source never invokes Core (0.333764ms)
ℹ tests 3
ℹ suites 0
ℹ pass 1
ℹ fail 2
ℹ cancelled 0
ℹ skipped 0
ℹ todo 0
ℹ duration_ms 79.207859

✖ failing tests:

test at work/idle_all_providers/test/structure-languages.test.mjs:18:1
✖ shared consumer admits mixed canonical languages in one bounded batch (1.901869ms)
  AssertionError [ERR_ASSERTION]: Expected values to be strictly equal:

  false !== true

      at TestContext.<anonymous> (file:///workspace/scratch/e9f3b6772074/work/idle_all_providers/test/structure-languages.test.mjs:19:33)
      at Test.runInAsyncScope (node:async_hooks:227:14)
      at Test.run (node:internal/test_runner/test:1382:25)
      at Test.start (node:internal/test_runner/test:1242:17)
      at startSubtestAfterBootstrap (node:internal/test_runner/harness:387:17) {
    generatedMessage: true,
    code: 'ERR_ASSERTION',
    actual: false,
    expected: true,
    operator: 'strictEqual',
    diff: 'simple'
  }

test at work/idle_all_providers/test/structure-languages.test.mjs:42:1
✖ optional unparsed syntax remains empty; unsupported source never invokes Core (0.333764ms)
  AssertionError [ERR_ASSERTION]: Expected values to be strictly equal:

  false !== true

      at TestContext.<anonymous> (file:///workspace/scratch/e9f3b6772074/work/idle_all_providers/test/structure-languages.test.mjs:45:10)
      at Test.runInAsyncScope (node:async_hooks:227:14)
      at Test.run (node:internal/test_runner/test:1382:25)
      at Test.processPendingSubtests (node:internal/test_runner/test:960:18)
      at Test.postRun (node:internal/test_runner/test:1522:19)
      at Test.run (node:internal/test_runner/test:1447:12)
      at async Test.processPendingSubtests (node:internal/test_runner/test:960:7) {
    generatedMessage: true,
    code: 'ERR_ASSERTION',
    actual: false,
    expected: true,
    operator: 'strictEqual',
    diff: 'simple'
  }
