node:internal/modules/run_main:107
    triggerUncaughtException(
    ^

AssertionError [ERR_ASSERTION]: Expected values to be strictly deep-equal:
+ actual - expected

  [
    'Vendor\\Client',
-   'local.php'
  ]

    at file:///workspace/scratch/e9f3b6772074/work/idle_all_providers/scripts/structure-all-providers-smoke.mjs:35:38
    at ModuleJob.run (node:internal/modules/esm/module_job:439:25)
    at async node:internal/modules/esm/loader:643:26
    at async asyncRunEntryPointWithESMLoader (node:internal/modules/run_main:101:5) {
  generatedMessage: true,
  code: 'ERR_ASSERTION',
  actual: [ 'Vendor\\Client' ],
  expected: [ 'Vendor\\Client', 'local.php' ],
  operator: 'deepStrictEqual',
  diff: 'simple'
}

Node.js v24.19.0
